Sep 28 10:00:00 server01 payment-api[4529]: WARN [400] Invalid query parameters provided
Sep 28 10:00:02 server01 user-service[9628]: INFO [200] Request processed successfully
Sep 28 10:00:04 server01 payment-api[5482]: WARN [401] Authentication token expired or missing
Sep 28 10:00:06 server01 gateway[8152]: INFO [200] Request processed successfully
Sep 28 10:00:08 server01 gateway[9373]: INFO [200] Request processed successfully
Sep 28 10:00:10 server01 inventory-service[9005]: INFO [200] Request processed successfully
Sep 28 10:00:12 server01 auth-service[2707]: WARN [403] Access forbidden for role 'guest'
Sep 28 10:00:14 server01 user-service[4250]: INFO [200] Request processed successfully
Sep 28 10:00:16 server01 gateway[4030]: ERROR [502] Bad gateway upstream connection refused
Sep 28 10:00:18 server01 gateway[4386]: WARN [404] Requested endpoint or record not found
Sep 28 10:00:20 server01 inventory-service[8199]: ERROR [500] Internal database connection timeout
Sep 28 10:00:22 server01 inventory-service[4569]: ERROR [503] Service temporarily unavailable under high load
Sep 28 10:00:24 server01 user-service[8052]: ERROR [503] Service temporarily unavailable under high load
Sep 28 10:00:26 server01 payment-api[4471]: WARN [401] Authentication token expired or missing
Sep 28 10:00:28 server01 user-service[5809]: ERROR [500] Internal database connection timeout
Sep 28 10:00:30 server01 order-processor[4618]: WARN [404] Requested endpoint or record not found
Sep 28 10:00:32 server01 payment-api[7673]: INFO [200] Request processed successfully
Sep 28 10:00:34 server01 payment-api[5483]: INFO [200] Request processed successfully
Sep 28 10:00:36 server01 auth-service[6938]: INFO [201] Resource created successfully
Sep 28 10:00:38 server01 user-service[5136]: INFO [200] Request processed successfully
Sep 28 10:00:40 server01 user-service[5425]: INFO [200] Request processed successfully
Sep 28 10:00:42 server01 inventory-service[9209]: ERROR [503] Service temporarily unavailable under high load
Sep 28 10:00:44 server01 payment-api[2488]: INFO [201] Resource created successfully
Sep 28 10:00:46 server01 inventory-service[5023]: INFO [200] Request processed successfully
Sep 28 10:00:48 server01 gateway[2200]: ERROR [503] Service temporarily unavailable under high load
Sep 28 10:00:50 server01 auth-service[4603]: ERROR [503] Service temporarily unavailable under high load
Sep 28 10:00:52 server01 order-processor[6808]: INFO [301] Redirecting permanently to secure endpoint
Sep 28 10:00:54 server01 user-service[7752]: WARN [404] Requested endpoint or record not found
Sep 28 10:00:56 server01 gateway[5169]: INFO [200] Request processed successfully
Sep 28 10:00:58 server01 order-processor[4893]: ERROR [500] Internal database connection timeout
Sep 28 10:01:00 server01 gateway[2618]: INFO [201] Resource created successfully
Sep 28 10:01:02 server01 auth-service[8579]: WARN [401] Authentication token expired or missing
Sep 28 10:01:04 server01 user-service[3707]: INFO [200] Request processed successfully
Sep 28 10:01:06 server01 auth-service[9848]: ERROR [503] Service temporarily unavailable under high load
Sep 28 10:01:08 server01 auth-service[7078]: INFO [200] Request processed successfully
Sep 28 10:01:10 server01 user-service[7484]: INFO [201] Resource created successfully
Sep 28 10:01:12 server01 gateway[1722]: INFO [200] Request processed successfully
Sep 28 10:01:14 server01 order-processor[1421]: WARN [400] Invalid query parameters provided
Sep 28 10:01:16 server01 gateway[1671]: ERROR [500] Internal database connection timeout
Sep 28 10:01:18 server01 user-service[1853]: INFO [201] Resource created successfully
Sep 28 10:01:20 server01 auth-service[2815]: WARN [401] Authentication token expired or missing
Sep 28 10:01:22 server01 gateway[5641]: WARN [404] Requested endpoint or record not found
Sep 28 10:01:24 server01 payment-api[4979]: ERROR [502] Bad gateway upstream connection refused
Sep 28 10:01:26 server01 auth-service[6974]: WARN [403] Access forbidden for role 'guest'
Sep 28 10:01:28 server01 inventory-service[5901]: INFO [200] Request processed successfully
Sep 28 10:01:30 server01 inventory-service[6028]: ERROR [500] Internal database connection timeout
Sep 28 10:01:32 server01 payment-api[2852]: ERROR [503] Service temporarily unavailable under high load
Sep 28 10:01:34 server01 user-service[7933]: INFO [201] Resource created successfully
Sep 28 10:01:36 server01 inventory-service[9559]: WARN [404] Requested endpoint or record not found
Sep 28 10:01:38 server01 gateway[9537]: ERROR [500] Internal database connection timeout
Sep 28 10:01:40 server01 inventory-service[9839]: INFO [301] Redirecting permanently to secure endpoint
Sep 28 10:01:42 server01 auth-service[8803]: WARN [400] Invalid query parameters provided
Sep 28 10:01:44 server01 gateway[9954]: INFO [200] Request processed successfully
Sep 28 10:01:46 server01 gateway[9474]: ERROR [503] Service temporarily unavailable under high load
Sep 28 10:01:48 server01 inventory-service[1913]: INFO [201] Resource created successfully
Sep 28 10:01:50 server01 user-service[3683]: ERROR [500] Internal database connection timeout
Sep 28 10:01:52 server01 user-service[8976]: WARN [403] Access forbidden for role 'guest'
Sep 28 10:01:54 server01 gateway[3851]: INFO [301] Redirecting permanently to secure endpoint
Sep 28 10:01:56 server01 user-service[8753]: INFO [301] Redirecting permanently to secure endpoint
Sep 28 10:01:58 server01 order-processor[1232]: INFO [301] Redirecting permanently to secure endpoint
Sep 28 10:02:00 server01 gateway[3016]: INFO [200] Request processed successfully
Sep 28 10:02:02 server01 auth-service[5142]: INFO [200] Request processed successfully
Sep 28 10:02:04 server01 inventory-service[2490]: INFO [200] Request processed successfully
Sep 28 10:02:06 server01 payment-api[8194]: ERROR [503] Service temporarily unavailable under high load
Sep 28 10:02:08 server01 inventory-service[5051]: INFO [200] Request processed successfully
Sep 28 10:02:10 server01 inventory-service[9237]: INFO [200] Request processed successfully
Sep 28 10:02:12 server01 user-service[6134]: ERROR [502] Bad gateway upstream connection refused
Sep 28 10:02:14 server01 inventory-service[7306]: INFO [301] Redirecting permanently to secure endpoint
Sep 28 10:02:16 server01 inventory-service[5648]: ERROR [500] Internal database connection timeout
Sep 28 10:02:18 server01 auth-service[3912]: WARN [400] Invalid query parameters provided
Sep 28 10:02:20 server01 payment-api[3021]: ERROR [503] Service temporarily unavailable under high load
Sep 28 10:02:22 server01 auth-service[3786]: ERROR [503] Service temporarily unavailable under high load
Sep 28 10:02:24 server01 gateway[8764]: WARN [400] Invalid query parameters provided
Sep 28 10:02:26 server01 payment-api[9275]: WARN [403] Access forbidden for role 'guest'
Sep 28 10:02:28 server01 inventory-service[7029]: WARN [401] Authentication token expired or missing
Sep 28 10:02:30 server01 auth-service[7080]: INFO [200] Request processed successfully
Sep 28 10:02:32 server01 gateway[1298]: WARN [401] Authentication token expired or missing
Sep 28 10:02:34 server01 user-service[8004]: INFO [200] Request processed successfully
Sep 28 10:02:36 server01 payment-api[2730]: INFO [200] Request processed successfully
Sep 28 10:02:38 server01 gateway[1411]: INFO [200] Request processed successfully
Sep 28 10:02:40 server01 payment-api[9960]: INFO [201] Resource created successfully
Sep 28 10:02:42 server01 payment-api[9192]: ERROR [502] Bad gateway upstream connection refused
Sep 28 10:02:44 server01 auth-service[4447]: INFO [201] Resource created successfully
Sep 28 10:02:46 server01 inventory-service[3585]: WARN [403] Access forbidden for role 'guest'
Sep 28 10:02:48 server01 auth-service[7372]: ERROR [500] Internal database connection timeout
Sep 28 10:02:50 server01 user-service[2737]: WARN [401] Authentication token expired or missing
Sep 28 10:02:52 server01 order-processor[6345]: INFO [301] Redirecting permanently to secure endpoint
Sep 28 10:02:54 server01 user-service[5908]: INFO [200] Request processed successfully
Sep 28 10:02:56 server01 inventory-service[5568]: INFO [301] Redirecting permanently to secure endpoint
Sep 28 10:02:58 server01 payment-api[2346]: INFO [200] Request processed successfully
Sep 28 10:03:00 server01 gateway[7482]: INFO [200] Request processed successfully
Sep 28 10:03:02 server01 payment-api[7927]: WARN [401] Authentication token expired or missing
Sep 28 10:03:04 server01 auth-service[4143]: WARN [401] Authentication token expired or missing
Sep 28 10:03:06 server01 order-processor[7455]: ERROR [502] Bad gateway upstream connection refused
Sep 28 10:03:08 server01 gateway[7147]: INFO [200] Request processed successfully
Sep 28 10:03:10 server01 gateway[6859]: ERROR [500] Internal database connection timeout
Sep 28 10:03:12 server01 payment-api[1785]: INFO [201] Resource created successfully
Sep 28 10:03:14 server01 inventory-service[6922]: INFO [301] Redirecting permanently to secure endpoint
Sep 28 10:03:16 server01 auth-service[1800]: INFO [200] Request processed successfully
Sep 28 10:03:18 server01 auth-service[4849]: INFO [200] Request processed successfully
Sep 28 10:03:20 server01 auth-service[9186]: WARN [401] Authentication token expired or missing
Sep 28 10:03:22 server01 auth-service[5833]: ERROR [503] Service temporarily unavailable under high load
Sep 28 10:03:24 server01 user-service[1794]: INFO [200] Request processed successfully
Sep 28 10:03:26 server01 inventory-service[9940]: WARN [403] Access forbidden for role 'guest'
Sep 28 10:03:28 server01 order-processor[9069]: INFO [200] Request processed successfully
Sep 28 10:03:30 server01 inventory-service[5271]: WARN [401] Authentication token expired or missing
Sep 28 10:03:32 server01 inventory-service[4664]: INFO [301] Redirecting permanently to secure endpoint
Sep 28 10:03:34 server01 order-processor[3323]: ERROR [500] Internal database connection timeout
Sep 28 10:03:36 server01 gateway[2876]: INFO [200] Request processed successfully
Sep 28 10:03:38 server01 auth-service[6629]: WARN [404] Requested endpoint or record not found
Sep 28 10:03:40 server01 order-processor[5806]: INFO [200] Request processed successfully
Sep 28 10:03:42 server01 inventory-service[5192]: ERROR [502] Bad gateway upstream connection refused
Sep 28 10:03:44 server01 user-service[4253]: WARN [400] Invalid query parameters provided
Sep 28 10:03:46 server01 gateway[6509]: WARN [404] Requested endpoint or record not found
Sep 28 10:03:48 server01 order-processor[7173]: WARN [403] Access forbidden for role 'guest'
Sep 28 10:03:50 server01 order-processor[7766]: INFO [200] Request processed successfully
Sep 28 10:03:52 server01 user-service[5239]: WARN [403] Access forbidden for role 'guest'
Sep 28 10:03:54 server01 user-service[9934]: WARN [401] Authentication token expired or missing
Sep 28 10:03:56 server01 user-service[3555]: WARN [400] Invalid query parameters provided
Sep 28 10:03:58 server01 order-processor[6448]: ERROR [502] Bad gateway upstream connection refused
Sep 28 10:04:00 server01 auth-service[2625]: WARN [400] Invalid query parameters provided
Sep 28 10:04:02 server01 order-processor[7010]: ERROR [503] Service temporarily unavailable under high load
Sep 28 10:04:04 server01 auth-service[4079]: ERROR [503] Service temporarily unavailable under high load
Sep 28 10:04:06 server01 inventory-service[5166]: ERROR [500] Internal database connection timeout
Sep 28 10:04:08 server01 order-processor[7472]: INFO [201] Resource created successfully
Sep 28 10:04:10 server01 inventory-service[1953]: INFO [301] Redirecting permanently to secure endpoint
Sep 28 10:04:12 server01 order-processor[9011]: WARN [404] Requested endpoint or record not found
Sep 28 10:04:14 server01 payment-api[5276]: INFO [200] Request processed successfully
Sep 28 10:04:16 server01 user-service[5593]: INFO [201] Resource created successfully
Sep 28 10:04:18 server01 inventory-service[7635]: ERROR [503] Service temporarily unavailable under high load
Sep 28 10:04:20 server01 gateway[1521]: WARN [401] Authentication token expired or missing
Sep 28 10:04:22 server01 inventory-service[9756]: INFO [200] Request processed successfully
Sep 28 10:04:24 server01 inventory-service[4469]: WARN [400] Invalid query parameters provided
Sep 28 10:04:26 server01 gateway[3382]: WARN [403] Access forbidden for role 'guest'
Sep 28 10:04:28 server01 gateway[7615]: INFO [200] Request processed successfully
Sep 28 10:04:30 server01 auth-service[8125]: WARN [400] Invalid query parameters provided
Sep 28 10:04:32 server01 gateway[6417]: INFO [200] Request processed successfully
Sep 28 10:04:34 server01 payment-api[4044]: INFO [200] Request processed successfully
Sep 28 10:04:36 server01 user-service[2498]: INFO [200] Request processed successfully
Sep 28 10:04:38 server01 gateway[7207]: ERROR [500] Internal database connection timeout
Sep 28 10:04:40 server01 auth-service[7894]: WARN [401] Authentication token expired or missing
Sep 28 10:04:42 server01 inventory-service[3914]: ERROR [500] Internal database connection timeout
Sep 28 10:04:44 server01 gateway[2215]: WARN [401] Authentication token expired or missing
Sep 28 10:04:46 server01 gateway[8289]: ERROR [502] Bad gateway upstream connection refused
Sep 28 10:04:48 server01 payment-api[8063]: INFO [301] Redirecting permanently to secure endpoint
Sep 28 10:04:50 server01 user-service[1025]: WARN [403] Access forbidden for role 'guest'
Sep 28 10:04:52 server01 payment-api[8739]: ERROR [502] Bad gateway upstream connection refused
Sep 28 10:04:54 server01 inventory-service[4198]: ERROR [502] Bad gateway upstream connection refused
Sep 28 10:04:56 server01 inventory-service[7029]: INFO [201] Resource created successfully
Sep 28 10:04:58 server01 inventory-service[4300]: ERROR [503] Service temporarily unavailable under high load
Sep 28 10:05:00 server01 auth-service[9499]: WARN [403] Access forbidden for role 'guest'
Sep 28 10:05:02 server01 payment-api[3324]: WARN [404] Requested endpoint or record not found
Sep 28 10:05:04 server01 inventory-service[1061]: ERROR [500] Internal database connection timeout
Sep 28 10:05:06 server01 gateway[1228]: WARN [400] Invalid query parameters provided
Sep 28 10:05:08 server01 gateway[2577]: ERROR [503] Service temporarily unavailable under high load
Sep 28 10:05:10 server01 user-service[4532]: INFO [301] Redirecting permanently to secure endpoint
Sep 28 10:05:12 server01 order-processor[7540]: INFO [200] Request processed successfully
Sep 28 10:05:14 server01 order-processor[1744]: ERROR [500] Internal database connection timeout
Sep 28 10:05:16 server01 payment-api[6208]: ERROR [502] Bad gateway upstream connection refused
Sep 28 10:05:18 server01 auth-service[6755]: INFO [201] Resource created successfully
Sep 28 10:05:20 server01 gateway[3467]: WARN [400] Invalid query parameters provided
Sep 28 10:05:22 server01 inventory-service[5159]: INFO [201] Resource created successfully
Sep 28 10:05:24 server01 gateway[2028]: WARN [401] Authentication token expired or missing
Sep 28 10:05:26 server01 inventory-service[6752]: ERROR [500] Internal database connection timeout
Sep 28 10:05:28 server01 payment-api[7595]: INFO [201] Resource created successfully
Sep 28 10:05:30 server01 order-processor[6417]: INFO [201] Resource created successfully
Sep 28 10:05:32 server01 payment-api[6843]: ERROR [500] Internal database connection timeout
Sep 28 10:05:34 server01 user-service[3103]: WARN [400] Invalid query parameters provided
Sep 28 10:05:36 server01 payment-api[9717]: INFO [301] Redirecting permanently to secure endpoint
Sep 28 10:05:38 server01 auth-service[5146]: INFO [200] Request processed successfully
Sep 28 10:05:40 server01 order-processor[1120]: ERROR [503] Service temporarily unavailable under high load
Sep 28 10:05:42 server01 inventory-service[4980]: INFO [301] Redirecting permanently to secure endpoint
Sep 28 10:05:44 server01 order-processor[2524]: ERROR [503] Service temporarily unavailable under high load
Sep 28 10:05:46 server01 gateway[5321]: ERROR [503] Service temporarily unavailable under high load
Sep 28 10:05:48 server01 payment-api[1387]: WARN [400] Invalid query parameters provided
Sep 28 10:05:50 server01 gateway[3300]: INFO [200] Request processed successfully
Sep 28 10:05:52 server01 payment-api[3980]: ERROR [503] Service temporarily unavailable under high load
Sep 28 10:05:54 server01 gateway[1722]: WARN [401] Authentication token expired or missing
Sep 28 10:05:56 server01 gateway[2312]: INFO [200] Request processed successfully
Sep 28 10:05:58 server01 user-service[1168]: INFO [200] Request processed successfully
Sep 28 10:06:00 server01 inventory-service[5088]: INFO [200] Request processed successfully
Sep 28 10:06:02 server01 user-service[5078]: INFO [200] Request processed successfully
Sep 28 10:06:04 server01 auth-service[1471]: WARN [404] Requested endpoint or record not found
Sep 28 10:06:06 server01 gateway[3356]: INFO [200] Request processed successfully
Sep 28 10:06:08 server01 user-service[2445]: INFO [200] Request processed successfully
Sep 28 10:06:10 server01 payment-api[3022]: ERROR [502] Bad gateway upstream connection refused
Sep 28 10:06:12 server01 order-processor[5604]: WARN [401] Authentication token expired or missing
Sep 28 10:06:14 server01 gateway[8604]: ERROR [503] Service temporarily unavailable under high load
Sep 28 10:06:16 server01 inventory-service[7874]: WARN [400] Invalid query parameters provided
Sep 28 10:06:18 server01 payment-api[6559]: WARN [404] Requested endpoint or record not found
Sep 28 10:06:20 server01 payment-api[6603]: INFO [301] Redirecting permanently to secure endpoint
Sep 28 10:06:22 server01 inventory-service[7582]: WARN [403] Access forbidden for role 'guest'
Sep 28 10:06:24 server01 payment-api[9167]: INFO [200] Request processed successfully
Sep 28 10:06:26 server01 payment-api[4537]: INFO [301] Redirecting permanently to secure endpoint
Sep 28 10:06:28 server01 inventory-service[5967]: ERROR [503] Service temporarily unavailable under high load
Sep 28 10:06:30 server01 payment-api[2081]: ERROR [502] Bad gateway upstream connection refused
Sep 28 10:06:32 server01 payment-api[6822]: WARN [401] Authentication token expired or missing
Sep 28 10:06:34 server01 inventory-service[2778]: ERROR [503] Service temporarily unavailable under high load
Sep 28 10:06:36 server01 payment-api[8848]: INFO [200] Request processed successfully
Sep 28 10:06:38 server01 inventory-service[1099]: INFO [201] Resource created successfully
Sep 28 10:06:40 server01 gateway[4968]: INFO [201] Resource created successfully
Sep 28 10:06:42 server01 order-processor[5947]: WARN [404] Requested endpoint or record not found
Sep 28 10:06:44 server01 inventory-service[6058]: ERROR [503] Service temporarily unavailable under high load
Sep 28 10:06:46 server01 gateway[9739]: ERROR [503] Service temporarily unavailable under high load
Sep 28 10:06:48 server01 user-service[9251]: INFO [200] Request processed successfully
Sep 28 10:06:50 server01 user-service[7022]: INFO [200] Request processed successfully
Sep 28 10:06:52 server01 user-service[5769]: WARN [401] Authentication token expired or missing
Sep 28 10:06:54 server01 auth-service[6226]: INFO [301] Redirecting permanently to secure endpoint
Sep 28 10:06:56 server01 gateway[3058]: ERROR [500] Internal database connection timeout
Sep 28 10:06:58 server01 gateway[6694]: WARN [401] Authentication token expired or missing
Sep 28 10:07:00 server01 order-processor[8169]: INFO [200] Request processed successfully
Sep 28 10:07:02 server01 user-service[4037]: INFO [200] Request processed successfully
Sep 28 10:07:04 server01 order-processor[9476]: WARN [403] Access forbidden for role 'guest'
Sep 28 10:07:06 server01 payment-api[9760]: INFO [200] Request processed successfully
Sep 28 10:07:08 server01 inventory-service[8128]: WARN [401] Authentication token expired or missing
Sep 28 10:07:10 server01 user-service[3849]: ERROR [503] Service temporarily unavailable under high load
Sep 28 10:07:12 server01 order-processor[7459]: WARN [403] Access forbidden for role 'guest'
Sep 28 10:07:14 server01 payment-api[4591]: WARN [401] Authentication token expired or missing
Sep 28 10:07:16 server01 inventory-service[5414]: WARN [400] Invalid query parameters provided
Sep 28 10:07:18 server01 inventory-service[6908]: WARN [401] Authentication token expired or missing
Sep 28 10:07:20 server01 inventory-service[9377]: INFO [200] Request processed successfully
Sep 28 10:07:22 server01 auth-service[5886]: WARN [404] Requested endpoint or record not found
Sep 28 10:07:24 server01 inventory-service[2003]: ERROR [503] Service temporarily unavailable under high load
Sep 28 10:07:26 server01 user-service[8356]: ERROR [502] Bad gateway upstream connection refused
Sep 28 10:07:28 server01 payment-api[9604]: ERROR [500] Internal database connection timeout
Sep 28 10:07:30 server01 payment-api[1076]: INFO [201] Resource created successfully
Sep 28 10:07:32 server01 payment-api[6497]: INFO [200] Request processed successfully
Sep 28 10:07:34 server01 user-service[3227]: INFO [200] Request processed successfully
Sep 28 10:07:36 server01 auth-service[8272]: INFO [200] Request processed successfully
Sep 28 10:07:38 server01 auth-service[2498]: INFO [201] Resource created successfully
Sep 28 10:07:40 server01 inventory-service[4948]: ERROR [502] Bad gateway upstream connection refused
Sep 28 10:07:42 server01 order-processor[3941]: WARN [401] Authentication token expired or missing
Sep 28 10:07:44 server01 inventory-service[9000]: INFO [200] Request processed successfully
Sep 28 10:07:46 server01 gateway[1384]: INFO [201] Resource created successfully
Sep 28 10:07:48 server01 order-processor[3164]: INFO [201] Resource created successfully
Sep 28 10:07:50 server01 gateway[2354]: INFO [301] Redirecting permanently to secure endpoint
Sep 28 10:07:52 server01 inventory-service[4650]: ERROR [503] Service temporarily unavailable under high load
Sep 28 10:07:54 server01 gateway[6054]: ERROR [500] Internal database connection timeout
Sep 28 10:07:56 server01 auth-service[7779]: INFO [200] Request processed successfully
Sep 28 10:07:58 server01 gateway[8780]: ERROR [502] Bad gateway upstream connection refused
Sep 28 10:08:00 server01 auth-service[4867]: INFO [201] Resource created successfully
Sep 28 10:08:02 server01 user-service[8889]: WARN [403] Access forbidden for role 'guest'
Sep 28 10:08:04 server01 auth-service[3271]: INFO [200] Request processed successfully
Sep 28 10:08:06 server01 gateway[2143]: INFO [200] Request processed successfully
Sep 28 10:08:08 server01 user-service[7930]: WARN [403] Access forbidden for role 'guest'
Sep 28 10:08:10 server01 inventory-service[8305]: INFO [200] Request processed successfully
Sep 28 10:08:12 server01 order-processor[2033]: WARN [401] Authentication token expired or missing
Sep 28 10:08:14 server01 inventory-service[8194]: ERROR [500] Internal database connection timeout
Sep 28 10:08:16 server01 auth-service[9987]: ERROR [500] Internal database connection timeout
Sep 28 10:08:18 server01 inventory-service[1928]: WARN [404] Requested endpoint or record not found
Sep 28 10:08:20 server01 order-processor[2463]: WARN [403] Access forbidden for role 'guest'
Sep 28 10:08:22 server01 user-service[4417]: WARN [400] Invalid query parameters provided
Sep 28 10:08:24 server01 user-service[1567]: ERROR [503] Service temporarily unavailable under high load
Sep 28 10:08:26 server01 auth-service[1875]: WARN [404] Requested endpoint or record not found
Sep 28 10:08:28 server01 order-processor[2405]: WARN [403] Access forbidden for role 'guest'
Sep 28 10:08:30 server01 payment-api[6930]: INFO [301] Redirecting permanently to secure endpoint
Sep 28 10:08:32 server01 inventory-service[4811]: INFO [301] Redirecting permanently to secure endpoint
Sep 28 10:08:34 server01 order-processor[2844]: INFO [301] Redirecting permanently to secure endpoint
Sep 28 10:08:36 server01 order-processor[2336]: WARN [403] Access forbidden for role 'guest'
Sep 28 10:08:38 server01 inventory-service[4247]: INFO [301] Redirecting permanently to secure endpoint
Sep 28 10:08:40 server01 auth-service[7920]: WARN [404] Requested endpoint or record not found
Sep 28 10:08:42 server01 user-service[2469]: ERROR [503] Service temporarily unavailable under high load
Sep 28 10:08:44 server01 user-service[3077]: INFO [301] Redirecting permanently to secure endpoint
Sep 28 10:08:46 server01 user-service[4685]: ERROR [503] Service temporarily unavailable under high load
Sep 28 10:08:48 server01 gateway[9483]: INFO [200] Request processed successfully
Sep 28 10:08:50 server01 order-processor[8499]: WARN [403] Access forbidden for role 'guest'
Sep 28 10:08:52 server01 payment-api[6549]: INFO [201] Resource created successfully
Sep 28 10:08:54 server01 auth-service[9522]: WARN [404] Requested endpoint or record not found
Sep 28 10:08:56 server01 user-service[3247]: INFO [201] Resource created successfully
Sep 28 10:08:58 server01 auth-service[7573]: ERROR [500] Internal database connection timeout
Sep 28 10:09:00 server01 gateway[2526]: ERROR [503] Service temporarily unavailable under high load
Sep 28 10:09:02 server01 auth-service[1141]: ERROR [500] Internal database connection timeout
Sep 28 10:09:04 server01 gateway[4679]: INFO [301] Redirecting permanently to secure endpoint
Sep 28 10:09:06 server01 payment-api[9601]: WARN [400] Invalid query parameters provided
Sep 28 10:09:08 server01 auth-service[7308]: INFO [200] Request processed successfully
Sep 28 10:09:10 server01 auth-service[8708]: WARN [404] Requested endpoint or record not found
Sep 28 10:09:12 server01 payment-api[1575]: INFO [301] Redirecting permanently to secure endpoint
Sep 28 10:09:14 server01 payment-api[2456]: INFO [301] Redirecting permanently to secure endpoint
Sep 28 10:09:16 server01 auth-service[7941]: WARN [403] Access forbidden for role 'guest'
Sep 28 10:09:18 server01 user-service[4276]: INFO [200] Request processed successfully
Sep 28 10:09:20 server01 auth-service[2015]: ERROR [502] Bad gateway upstream connection refused
Sep 28 10:09:22 server01 payment-api[2842]: ERROR [502] Bad gateway upstream connection refused
Sep 28 10:09:24 server01 order-processor[1406]: INFO [201] Resource created successfully
Sep 28 10:09:26 server01 inventory-service[7444]: WARN [404] Requested endpoint or record not found
Sep 28 10:09:28 server01 order-processor[1495]: INFO [201] Resource created successfully
Sep 28 10:09:30 server01 order-processor[5248]: WARN [400] Invalid query parameters provided
Sep 28 10:09:32 server01 payment-api[8723]: ERROR [503] Service temporarily unavailable under high load
Sep 28 10:09:34 server01 user-service[8278]: INFO [200] Request processed successfully
Sep 28 10:09:36 server01 order-processor[9674]: INFO [200] Request processed successfully
Sep 28 10:09:38 server01 gateway[6911]: WARN [401] Authentication token expired or missing
Sep 28 10:09:40 server01 payment-api[9621]: ERROR [500] Internal database connection timeout
Sep 28 10:09:42 server01 order-processor[8916]: ERROR [503] Service temporarily unavailable under high load
Sep 28 10:09:44 server01 user-service[5037]: INFO [200] Request processed successfully
Sep 28 10:09:46 server01 gateway[2400]: INFO [200] Request processed successfully
Sep 28 10:09:48 server01 payment-api[6594]: WARN [401] Authentication token expired or missing
Sep 28 10:09:50 server01 gateway[9194]: ERROR [503] Service temporarily unavailable under high load
Sep 28 10:09:52 server01 auth-service[8179]: INFO [200] Request processed successfully
Sep 28 10:09:54 server01 inventory-service[3905]: WARN [401] Authentication token expired or missing
Sep 28 10:09:56 server01 inventory-service[1489]: ERROR [503] Service temporarily unavailable under high load
Sep 28 10:09:58 server01 user-service[3221]: INFO [200] Request processed successfully
Sep 28 10:10:00 server01 inventory-service[4650]: INFO [301] Redirecting permanently to secure endpoint
Sep 28 10:10:02 server01 gateway[9059]: INFO [200] Request processed successfully
Sep 28 10:10:04 server01 payment-api[4269]: WARN [403] Access forbidden for role 'guest'
Sep 28 10:10:06 server01 auth-service[4355]: INFO [201] Resource created successfully
Sep 28 10:10:08 server01 order-processor[8867]: ERROR [503] Service temporarily unavailable under high load
Sep 28 10:10:10 server01 user-service[8051]: INFO [200] Request processed successfully
Sep 28 10:10:12 server01 payment-api[2470]: WARN [400] Invalid query parameters provided
Sep 28 10:10:14 server01 payment-api[2177]: WARN [403] Access forbidden for role 'guest'
Sep 28 10:10:16 server01 order-processor[2039]: WARN [404] Requested endpoint or record not found
Sep 28 10:10:18 server01 gateway[2006]: WARN [400] Invalid query parameters provided
Sep 28 10:10:20 server01 inventory-service[6364]: INFO [200] Request processed successfully
Sep 28 10:10:22 server01 payment-api[8676]: WARN [401] Authentication token expired or missing
Sep 28 10:10:24 server01 gateway[4090]: WARN [403] Access forbidden for role 'guest'
Sep 28 10:10:26 server01 auth-service[5432]: WARN [401] Authentication token expired or missing
Sep 28 10:10:28 server01 order-processor[5870]: INFO [200] Request processed successfully
Sep 28 10:10:30 server01 order-processor[5593]: ERROR [500] Internal database connection timeout
Sep 28 10:10:32 server01 auth-service[9399]: INFO [200] Request processed successfully
Sep 28 10:10:34 server01 user-service[9892]: ERROR [502] Bad gateway upstream connection refused
Sep 28 10:10:36 server01 auth-service[7634]: ERROR [500] Internal database connection timeout
Sep 28 10:10:38 server01 order-processor[1645]: WARN [401] Authentication token expired or missing
Sep 28 10:10:40 server01 user-service[5193]: INFO [201] Resource created successfully
Sep 28 10:10:42 server01 auth-service[6069]: WARN [400] Invalid query parameters provided
Sep 28 10:10:44 server01 user-service[1798]: WARN [404] Requested endpoint or record not found
Sep 28 10:10:46 server01 inventory-service[1816]: INFO [200] Request processed successfully
Sep 28 10:10:48 server01 payment-api[3321]: INFO [201] Resource created successfully
Sep 28 10:10:50 server01 payment-api[6573]: INFO [200] Request processed successfully
Sep 28 10:10:52 server01 auth-service[3110]: WARN [400] Invalid query parameters provided
Sep 28 10:10:54 server01 order-processor[3412]: INFO [201] Resource created successfully
Sep 28 10:10:56 server01 inventory-service[5681]: INFO [301] Redirecting permanently to secure endpoint
Sep 28 10:10:58 server01 gateway[3689]: WARN [400] Invalid query parameters provided
Sep 28 10:11:00 server01 user-service[5964]: WARN [404] Requested endpoint or record not found
Sep 28 10:11:02 server01 user-service[3211]: WARN [404] Requested endpoint or record not found
Sep 28 10:11:04 server01 gateway[8558]: INFO [301] Redirecting permanently to secure endpoint
Sep 28 10:11:06 server01 order-processor[3268]: INFO [200] Request processed successfully
Sep 28 10:11:08 server01 gateway[1691]: INFO [201] Resource created successfully
Sep 28 10:11:10 server01 order-processor[2545]: ERROR [502] Bad gateway upstream connection refused
Sep 28 10:11:12 server01 order-processor[8802]: WARN [401] Authentication token expired or missing
Sep 28 10:11:14 server01 inventory-service[7787]: ERROR [503] Service temporarily unavailable under high load
Sep 28 10:11:16 server01 gateway[5093]: INFO [201] Resource created successfully
Sep 28 10:11:18 server01 auth-service[4980]: INFO [201] Resource created successfully
Sep 28 10:11:20 server01 user-service[4159]: INFO [200] Request processed successfully
Sep 28 10:11:22 server01 order-processor[2783]: INFO [301] Redirecting permanently to secure endpoint
Sep 28 10:11:24 server01 payment-api[2450]: ERROR [502] Bad gateway upstream connection refused
Sep 28 10:11:26 server01 gateway[8487]: WARN [400] Invalid query parameters provided
Sep 28 10:11:28 server01 user-service[3724]: INFO [200] Request processed successfully
Sep 28 10:11:30 server01 inventory-service[4219]: WARN [404] Requested endpoint or record not found
Sep 28 10:11:32 server01 inventory-service[6526]: WARN [400] Invalid query parameters provided
Sep 28 10:11:34 server01 auth-service[7115]: INFO [201] Resource created successfully
Sep 28 10:11:36 server01 user-service[7847]: WARN [404] Requested endpoint or record not found
Sep 28 10:11:38 server01 inventory-service[5257]: ERROR [502] Bad gateway upstream connection refused
Sep 28 10:11:40 server01 auth-service[6593]: WARN [403] Access forbidden for role 'guest'
Sep 28 10:11:42 server01 payment-api[1176]: INFO [200] Request processed successfully
Sep 28 10:11:44 server01 order-processor[7297]: INFO [301] Redirecting permanently to secure endpoint
Sep 28 10:11:46 server01 user-service[5559]: WARN [404] Requested endpoint or record not found
Sep 28 10:11:48 server01 auth-service[8662]: INFO [200] Request processed successfully
Sep 28 10:11:50 server01 gateway[6616]: ERROR [503] Service temporarily unavailable under high load
Sep 28 10:11:52 server01 inventory-service[5915]: WARN [404] Requested endpoint or record not found
Sep 28 10:11:54 server01 payment-api[8551]: INFO [200] Request processed successfully
Sep 28 10:11:56 server01 order-processor[6926]: INFO [200] Request processed successfully
Sep 28 10:11:58 server01 user-service[6365]: INFO [301] Redirecting permanently to secure endpoint
Sep 28 10:12:00 server01 auth-service[4445]: INFO [200] Request processed successfully
Sep 28 10:12:02 server01 auth-service[4233]: INFO [201] Resource created successfully
Sep 28 10:12:04 server01 user-service[8050]: INFO [200] Request processed successfully
Sep 28 10:12:06 server01 order-processor[2725]: ERROR [503] Service temporarily unavailable under high load
Sep 28 10:12:08 server01 inventory-service[5097]: INFO [200] Request processed successfully
Sep 28 10:12:10 server01 gateway[7317]: ERROR [503] Service temporarily unavailable under high load
Sep 28 10:12:12 server01 auth-service[4210]: ERROR [502] Bad gateway upstream connection refused
Sep 28 10:12:14 server01 order-processor[7805]: ERROR [500] Internal database connection timeout
Sep 28 10:12:16 server01 order-processor[1671]: INFO [200] Request processed successfully
Sep 28 10:12:18 server01 gateway[1873]: INFO [200] Request processed successfully
Sep 28 10:12:20 server01 order-processor[7119]: INFO [200] Request processed successfully
Sep 28 10:12:22 server01 gateway[3261]: WARN [401] Authentication token expired or missing
Sep 28 10:12:24 server01 inventory-service[8028]: ERROR [500] Internal database connection timeout
Sep 28 10:12:26 server01 order-processor[5398]: INFO [200] Request processed successfully
Sep 28 10:12:28 server01 inventory-service[3105]: INFO [200] Request processed successfully
Sep 28 10:12:30 server01 auth-service[5213]: INFO [200] Request processed successfully
Sep 28 10:12:32 server01 gateway[2763]: INFO [200] Request processed successfully
Sep 28 10:12:34 server01 inventory-service[7058]: WARN [400] Invalid query parameters provided
Sep 28 10:12:36 server01 user-service[3414]: INFO [200] Request processed successfully
Sep 28 10:12:38 server01 gateway[8739]: WARN [400] Invalid query parameters provided
Sep 28 10:12:40 server01 order-processor[7586]: WARN [404] Requested endpoint or record not found
Sep 28 10:12:42 server01 payment-api[8274]: WARN [400] Invalid query parameters provided
Sep 28 10:12:44 server01 auth-service[5192]: WARN [403] Access forbidden for role 'guest'
Sep 28 10:12:46 server01 user-service[8099]: INFO [200] Request processed successfully
Sep 28 10:12:48 server01 payment-api[1907]: INFO [200] Request processed successfully
Sep 28 10:12:50 server01 user-service[9181]: INFO [200] Request processed successfully
Sep 28 10:12:52 server01 payment-api[6535]: WARN [404] Requested endpoint or record not found
Sep 28 10:12:54 server01 inventory-service[5666]: ERROR [502] Bad gateway upstream connection refused
Sep 28 10:12:56 server01 auth-service[6544]: INFO [301] Redirecting permanently to secure endpoint
Sep 28 10:12:58 server01 payment-api[8421]: INFO [200] Request processed successfully
Sep 28 10:13:00 server01 auth-service[5460]: WARN [404] Requested endpoint or record not found
Sep 28 10:13:02 server01 gateway[7501]: WARN [404] Requested endpoint or record not found
Sep 28 10:13:04 server01 inventory-service[4042]: ERROR [503] Service temporarily unavailable under high load
Sep 28 10:13:06 server01 payment-api[6394]: ERROR [503] Service temporarily unavailable under high load
Sep 28 10:13:08 server01 gateway[4438]: WARN [401] Authentication token expired or missing
Sep 28 10:13:10 server01 auth-service[2482]: WARN [401] Authentication token expired or missing
Sep 28 10:13:12 server01 payment-api[7423]: ERROR [502] Bad gateway upstream connection refused
Sep 28 10:13:14 server01 payment-api[3722]: ERROR [503] Service temporarily unavailable under high load
Sep 28 10:13:16 server01 user-service[5411]: ERROR [500] Internal database connection timeout
Sep 28 10:13:18 server01 payment-api[4123]: ERROR [500] Internal database connection timeout
Sep 28 10:13:20 server01 user-service[6999]: INFO [200] Request processed successfully
Sep 28 10:13:22 server01 user-service[3311]: INFO [200] Request processed successfully
Sep 28 10:13:24 server01 payment-api[1413]: INFO [301] Redirecting permanently to secure endpoint
Sep 28 10:13:26 server01 order-processor[5278]: WARN [404] Requested endpoint or record not found
Sep 28 10:13:28 server01 gateway[4251]: WARN [400] Invalid query parameters provided
Sep 28 10:13:30 server01 user-service[8666]: ERROR [503] Service temporarily unavailable under high load
Sep 28 10:13:32 server01 auth-service[7227]: INFO [301] Redirecting permanently to secure endpoint
Sep 28 10:13:34 server01 payment-api[8282]: INFO [301] Redirecting permanently to secure endpoint
Sep 28 10:13:36 server01 payment-api[1011]: ERROR [500] Internal database connection timeout
Sep 28 10:13:38 server01 payment-api[6705]: INFO [201] Resource created successfully
Sep 28 10:13:40 server01 order-processor[8509]: INFO [200] Request processed successfully
Sep 28 10:13:42 server01 order-processor[6277]: INFO [201] Resource created successfully
Sep 28 10:13:44 server01 order-processor[7486]: INFO [301] Redirecting permanently to secure endpoint
Sep 28 10:13:46 server01 gateway[3487]: INFO [301] Redirecting permanently to secure endpoint
Sep 28 10:13:48 server01 inventory-service[6943]: INFO [200] Request processed successfully
Sep 28 10:13:50 server01 inventory-service[4993]: ERROR [502] Bad gateway upstream connection refused
Sep 28 10:13:52 server01 gateway[1902]: INFO [200] Request processed successfully
Sep 28 10:13:54 server01 inventory-service[2256]: WARN [401] Authentication token expired or missing
Sep 28 10:13:56 server01 gateway[5804]: INFO [200] Request processed successfully
Sep 28 10:13:58 server01 order-processor[4463]: WARN [400] Invalid query parameters provided
Sep 28 10:14:00 server01 auth-service[4788]: INFO [200] Request processed successfully
Sep 28 10:14:02 server01 user-service[3518]: INFO [301] Redirecting permanently to secure endpoint
Sep 28 10:14:04 server01 inventory-service[9127]: WARN [403] Access forbidden for role 'guest'
Sep 28 10:14:06 server01 gateway[7526]: INFO [200] Request processed successfully
Sep 28 10:14:08 server01 auth-service[4886]: INFO [200] Request processed successfully
Sep 28 10:14:10 server01 inventory-service[6922]: INFO [301] Redirecting permanently to secure endpoint
Sep 28 10:14:12 server01 user-service[3636]: WARN [400] Invalid query parameters provided
Sep 28 10:14:14 server01 payment-api[7113]: INFO [200] Request processed successfully
Sep 28 10:14:16 server01 inventory-service[2135]: WARN [404] Requested endpoint or record not found
Sep 28 10:14:18 server01 payment-api[3309]: WARN [403] Access forbidden for role 'guest'
Sep 28 10:14:20 server01 user-service[8848]: INFO [301] Redirecting permanently to secure endpoint
Sep 28 10:14:22 server01 inventory-service[1389]: WARN [400] Invalid query parameters provided
Sep 28 10:14:24 server01 auth-service[5691]: WARN [401] Authentication token expired or missing
Sep 28 10:14:26 server01 user-service[2957]: WARN [403] Access forbidden for role 'guest'
Sep 28 10:14:28 server01 order-processor[9813]: INFO [200] Request processed successfully
Sep 28 10:14:30 server01 payment-api[6292]: WARN [404] Requested endpoint or record not found
Sep 28 10:14:32 server01 inventory-service[6435]: INFO [201] Resource created successfully
Sep 28 10:14:34 server01 order-processor[7537]: INFO [200] Request processed successfully
Sep 28 10:14:36 server01 payment-api[9448]: INFO [301] Redirecting permanently to secure endpoint
Sep 28 10:14:38 server01 gateway[6659]: INFO [200] Request processed successfully
Sep 28 10:14:40 server01 user-service[7055]: INFO [201] Resource created successfully
Sep 28 10:14:42 server01 gateway[3614]: WARN [404] Requested endpoint or record not found
Sep 28 10:14:44 server01 gateway[1606]: INFO [200] Request processed successfully
Sep 28 10:14:46 server01 gateway[2212]: ERROR [500] Internal database connection timeout
Sep 28 10:14:48 server01 user-service[7314]: INFO [200] Request processed successfully
Sep 28 10:14:50 server01 payment-api[3291]: ERROR [500] Internal database connection timeout
Sep 28 10:14:52 server01 auth-service[3539]: WARN [403] Access forbidden for role 'guest'
Sep 28 10:14:54 server01 gateway[4997]: INFO [200] Request processed successfully
Sep 28 10:14:56 server01 payment-api[3495]: ERROR [500] Internal database connection timeout
Sep 28 10:14:58 server01 payment-api[3601]: INFO [301] Redirecting permanently to secure endpoint
Sep 28 10:15:00 server01 user-service[4324]: WARN [401] Authentication token expired or missing
Sep 28 10:15:02 server01 inventory-service[6944]: INFO [200] Request processed successfully
Sep 28 10:15:04 server01 order-processor[9746]: WARN [403] Access forbidden for role 'guest'
Sep 28 10:15:06 server01 auth-service[9018]: INFO [200] Request processed successfully
Sep 28 10:15:08 server01 gateway[5145]: WARN [401] Authentication token expired or missing
Sep 28 10:15:10 server01 payment-api[1688]: ERROR [502] Bad gateway upstream connection refused
Sep 28 10:15:12 server01 user-service[2780]: WARN [400] Invalid query parameters provided
Sep 28 10:15:14 server01 gateway[2373]: INFO [200] Request processed successfully
Sep 28 10:15:16 server01 payment-api[7932]: ERROR [500] Internal database connection timeout
Sep 28 10:15:18 server01 auth-service[6777]: INFO [200] Request processed successfully
Sep 28 10:15:20 server01 gateway[2560]: WARN [400] Invalid query parameters provided
Sep 28 10:15:22 server01 order-processor[8459]: ERROR [500] Internal database connection timeout
Sep 28 10:15:24 server01 auth-service[9821]: INFO [200] Request processed successfully
Sep 28 10:15:26 server01 gateway[4090]: ERROR [503] Service temporarily unavailable under high load
Sep 28 10:15:28 server01 inventory-service[4518]: WARN [404] Requested endpoint or record not found
Sep 28 10:15:30 server01 gateway[9636]: INFO [200] Request processed successfully
Sep 28 10:15:32 server01 auth-service[3958]: INFO [301] Redirecting permanently to secure endpoint
Sep 28 10:15:34 server01 inventory-service[2054]: ERROR [500] Internal database connection timeout
Sep 28 10:15:36 server01 payment-api[2981]: ERROR [500] Internal database connection timeout
Sep 28 10:15:38 server01 payment-api[6556]: WARN [401] Authentication token expired or missing
Sep 28 10:15:40 server01 user-service[7517]: WARN [403] Access forbidden for role 'guest'
Sep 28 10:15:42 server01 order-processor[1226]: INFO [301] Redirecting permanently to secure endpoint
Sep 28 10:15:44 server01 inventory-service[2612]: INFO [200] Request processed successfully
Sep 28 10:15:46 server01 gateway[5588]: ERROR [502] Bad gateway upstream connection refused
Sep 28 10:15:48 server01 order-processor[8183]: INFO [200] Request processed successfully
Sep 28 10:15:50 server01 auth-service[6494]: INFO [201] Resource created successfully
Sep 28 10:15:52 server01 inventory-service[6548]: ERROR [500] Internal database connection timeout
Sep 28 10:15:54 server01 order-processor[1217]: INFO [200] Request processed successfully
Sep 28 10:15:56 server01 gateway[5048]: ERROR [502] Bad gateway upstream connection refused
Sep 28 10:15:58 server01 auth-service[2476]: ERROR [502] Bad gateway upstream connection refused
Sep 28 10:16:00 server01 order-processor[9338]: WARN [400] Invalid query parameters provided
Sep 28 10:16:02 server01 payment-api[6938]: INFO [200] Request processed successfully
Sep 28 10:16:04 server01 payment-api[7085]: INFO [301] Redirecting permanently to secure endpoint
Sep 28 10:16:06 server01 order-processor[8255]: WARN [404] Requested endpoint or record not found
Sep 28 10:16:08 server01 order-processor[4816]: WARN [403] Access forbidden for role 'guest'
Sep 28 10:16:10 server01 inventory-service[5937]: WARN [401] Authentication token expired or missing
Sep 28 10:16:12 server01 order-processor[8865]: WARN [404] Requested endpoint or record not found
Sep 28 10:16:14 server01 order-processor[6732]: WARN [401] Authentication token expired or missing
Sep 28 10:16:16 server01 auth-service[5624]: INFO [200] Request processed successfully
Sep 28 10:16:18 server01 gateway[1820]: ERROR [502] Bad gateway upstream connection refused
Sep 28 10:16:20 server01 payment-api[9093]: WARN [404] Requested endpoint or record not found
Sep 28 10:16:22 server01 payment-api[9103]: INFO [301] Redirecting permanently to secure endpoint
Sep 28 10:16:24 server01 order-processor[7924]: INFO [200] Request processed successfully
Sep 28 10:16:26 server01 payment-api[6457]: ERROR [500] Internal database connection timeout
Sep 28 10:16:28 server01 gateway[7918]: ERROR [502] Bad gateway upstream connection refused
Sep 28 10:16:30 server01 auth-service[8170]: INFO [201] Resource created successfully
Sep 28 10:16:32 server01 inventory-service[3714]: ERROR [502] Bad gateway upstream connection refused
Sep 28 10:16:34 server01 order-processor[3445]: WARN [404] Requested endpoint or record not found
Sep 28 10:16:36 server01 order-processor[6798]: INFO [200] Request processed successfully
Sep 28 10:16:38 server01 auth-service[1527]: WARN [403] Access forbidden for role 'guest'
Sep 28 10:16:40 server01 payment-api[8361]: INFO [200] Request processed successfully
Sep 28 10:16:42 server01 payment-api[5954]: INFO [201] Resource created successfully
Sep 28 10:16:44 server01 auth-service[8901]: INFO [200] Request processed successfully
Sep 28 10:16:46 server01 payment-api[9881]: WARN [401] Authentication token expired or missing
Sep 28 10:16:48 server01 payment-api[1966]: INFO [200] Request processed successfully
Sep 28 10:16:50 server01 inventory-service[9002]: INFO [200] Request processed successfully
Sep 28 10:16:52 server01 user-service[8210]: WARN [401] Authentication token expired or missing
Sep 28 10:16:54 server01 inventory-service[3961]: INFO [200] Request processed successfully
Sep 28 10:16:56 server01 auth-service[1521]: INFO [200] Request processed successfully
Sep 28 10:16:58 server01 auth-service[3039]: ERROR [502] Bad gateway upstream connection refused
Sep 28 10:17:00 server01 auth-service[6092]: WARN [400] Invalid query parameters provided
Sep 28 10:17:02 server01 inventory-service[1733]: WARN [403] Access forbidden for role 'guest'
Sep 28 10:17:04 server01 gateway[7712]: WARN [403] Access forbidden for role 'guest'
Sep 28 10:17:06 server01 user-service[9844]: ERROR [500] Internal database connection timeout
Sep 28 10:17:08 server01 auth-service[7620]: ERROR [502] Bad gateway upstream connection refused
Sep 28 10:17:10 server01 auth-service[4198]: INFO [201] Resource created successfully
Sep 28 10:17:12 server01 auth-service[4606]: WARN [400] Invalid query parameters provided
Sep 28 10:17:14 server01 auth-service[5686]: INFO [201] Resource created successfully
Sep 28 10:17:16 server01 order-processor[4070]: WARN [404] Requested endpoint or record not found
Sep 28 10:17:18 server01 gateway[6553]: INFO [200] Request processed successfully
Sep 28 10:17:20 server01 order-processor[5348]: ERROR [503] Service temporarily unavailable under high load
Sep 28 10:17:22 server01 order-processor[8276]: INFO [200] Request processed successfully
Sep 28 10:17:24 server01 auth-service[1210]: WARN [400] Invalid query parameters provided
Sep 28 10:17:26 server01 user-service[5646]: WARN [401] Authentication token expired or missing
Sep 28 10:17:28 server01 gateway[5354]: INFO [200] Request processed successfully
Sep 28 10:17:30 server01 order-processor[7117]: INFO [301] Redirecting permanently to secure endpoint
Sep 28 10:17:32 server01 order-processor[3157]: WARN [404] Requested endpoint or record not found
Sep 28 10:17:34 server01 auth-service[4859]: WARN [400] Invalid query parameters provided
Sep 28 10:17:36 server01 payment-api[3144]: ERROR [503] Service temporarily unavailable under high load
Sep 28 10:17:38 server01 order-processor[4787]: INFO [200] Request processed successfully
Sep 28 10:17:40 server01 payment-api[9289]: WARN [404] Requested endpoint or record not found
Sep 28 10:17:42 server01 payment-api[2178]: INFO [200] Request processed successfully
Sep 28 10:17:44 server01 auth-service[6140]: WARN [400] Invalid query parameters provided
Sep 28 10:17:46 server01 gateway[2647]: ERROR [503] Service temporarily unavailable under high load
Sep 28 10:17:48 server01 user-service[1328]: INFO [200] Request processed successfully
Sep 28 10:17:50 server01 auth-service[9018]: ERROR [503] Service temporarily unavailable under high load
Sep 28 10:17:52 server01 gateway[8677]: INFO [201] Resource created successfully
Sep 28 10:17:54 server01 inventory-service[8492]: WARN [400] Invalid query parameters provided
Sep 28 10:17:56 server01 user-service[1703]: WARN [401] Authentication token expired or missing
Sep 28 10:17:58 server01 auth-service[1413]: INFO [200] Request processed successfully
Sep 28 10:18:00 server01 auth-service[2850]: INFO [200] Request processed successfully
Sep 28 10:18:02 server01 inventory-service[4547]: ERROR [502] Bad gateway upstream connection refused
Sep 28 10:18:04 server01 user-service[6677]: INFO [301] Redirecting permanently to secure endpoint
Sep 28 10:18:06 server01 user-service[2608]: ERROR [503] Service temporarily unavailable under high load
Sep 28 10:18:08 server01 user-service[4199]: WARN [401] Authentication token expired or missing
Sep 28 10:18:10 server01 inventory-service[3105]: INFO [301] Redirecting permanently to secure endpoint
Sep 28 10:18:12 server01 order-processor[8511]: WARN [404] Requested endpoint or record not found
Sep 28 10:18:14 server01 inventory-service[8962]: ERROR [500] Internal database connection timeout
Sep 28 10:18:16 server01 user-service[6263]: WARN [400] Invalid query parameters provided
Sep 28 10:18:18 server01 gateway[5160]: INFO [200] Request processed successfully
Sep 28 10:18:20 server01 order-processor[8767]: ERROR [500] Internal database connection timeout
Sep 28 10:18:22 server01 order-processor[9654]: INFO [301] Redirecting permanently to secure endpoint
Sep 28 10:18:24 server01 auth-service[6814]: INFO [200] Request processed successfully
Sep 28 10:18:26 server01 gateway[5002]: ERROR [500] Internal database connection timeout
Sep 28 10:18:28 server01 payment-api[8294]: WARN [401] Authentication token expired or missing
Sep 28 10:18:30 server01 payment-api[3420]: INFO [301] Redirecting permanently to secure endpoint
Sep 28 10:18:32 server01 user-service[7654]: ERROR [502] Bad gateway upstream connection refused
Sep 28 10:18:34 server01 order-processor[7027]: WARN [404] Requested endpoint or record not found
Sep 28 10:18:36 server01 payment-api[2522]: WARN [404] Requested endpoint or record not found
Sep 28 10:18:38 server01 inventory-service[5034]: WARN [400] Invalid query parameters provided
Sep 28 10:18:40 server01 gateway[1380]: INFO [200] Request processed successfully
Sep 28 10:18:42 server01 auth-service[2449]: ERROR [502] Bad gateway upstream connection refused
Sep 28 10:18:44 server01 inventory-service[5008]: WARN [403] Access forbidden for role 'guest'
Sep 28 10:18:46 server01 inventory-service[8288]: WARN [404] Requested endpoint or record not found
Sep 28 10:18:48 server01 inventory-service[5612]: ERROR [502] Bad gateway upstream connection refused
Sep 28 10:18:50 server01 payment-api[3837]: INFO [200] Request processed successfully
Sep 28 10:18:52 server01 gateway[3257]: ERROR [500] Internal database connection timeout
Sep 28 10:18:54 server01 user-service[4247]: WARN [401] Authentication token expired or missing
Sep 28 10:18:56 server01 auth-service[1143]: INFO [200] Request processed successfully
Sep 28 10:18:58 server01 user-service[7513]: WARN [400] Invalid query parameters provided
Sep 28 10:19:00 server01 gateway[6345]: ERROR [502] Bad gateway upstream connection refused
Sep 28 10:19:02 server01 user-service[5052]: ERROR [500] Internal database connection timeout
Sep 28 10:19:04 server01 user-service[9882]: ERROR [502] Bad gateway upstream connection refused
Sep 28 10:19:06 server01 inventory-service[3852]: INFO [200] Request processed successfully
Sep 28 10:19:08 server01 gateway[6474]: WARN [404] Requested endpoint or record not found
Sep 28 10:19:10 server01 gateway[8447]: ERROR [500] Internal database connection timeout
Sep 28 10:19:12 server01 gateway[6949]: ERROR [502] Bad gateway upstream connection refused
Sep 28 10:19:14 server01 inventory-service[9357]: INFO [201] Resource created successfully
Sep 28 10:19:16 server01 user-service[1294]: INFO [201] Resource created successfully
Sep 28 10:19:18 server01 inventory-service[2274]: WARN [401] Authentication token expired or missing
Sep 28 10:19:20 server01 order-processor[2621]: WARN [400] Invalid query parameters provided
Sep 28 10:19:22 server01 order-processor[7271]: INFO [200] Request processed successfully
Sep 28 10:19:24 server01 inventory-service[8014]: INFO [200] Request processed successfully
Sep 28 10:19:26 server01 inventory-service[2808]: WARN [401] Authentication token expired or missing
Sep 28 10:19:28 server01 inventory-service[6286]: INFO [200] Request processed successfully
Sep 28 10:19:30 server01 inventory-service[2605]: INFO [301] Redirecting permanently to secure endpoint
Sep 28 10:19:32 server01 gateway[3454]: WARN [404] Requested endpoint or record not found
Sep 28 10:19:34 server01 inventory-service[8705]: WARN [401] Authentication token expired or missing
Sep 28 10:19:36 server01 payment-api[6619]: ERROR [500] Internal database connection timeout
Sep 28 10:19:38 server01 order-processor[7082]: WARN [401] Authentication token expired or missing
Sep 28 10:19:40 server01 payment-api[2986]: ERROR [503] Service temporarily unavailable under high load
Sep 28 10:19:42 server01 order-processor[5460]: INFO [301] Redirecting permanently to secure endpoint
Sep 28 10:19:44 server01 user-service[9764]: WARN [400] Invalid query parameters provided
Sep 28 10:19:46 server01 auth-service[5757]: INFO [201] Resource created successfully
Sep 28 10:19:48 server01 auth-service[9302]: INFO [301] Redirecting permanently to secure endpoint
Sep 28 10:19:50 server01 gateway[2497]: ERROR [503] Service temporarily unavailable under high load
Sep 28 10:19:52 server01 auth-service[7413]: WARN [401] Authentication token expired or missing
Sep 28 10:19:54 server01 user-service[4683]: ERROR [500] Internal database connection timeout
Sep 28 10:19:56 server01 order-processor[3170]: INFO [301] Redirecting permanently to secure endpoint
Sep 28 10:19:58 server01 payment-api[7157]: ERROR [502] Bad gateway upstream connection refused
Sep 28 10:20:00 server01 order-processor[5625]: INFO [200] Request processed successfully
Sep 28 10:20:02 server01 gateway[3735]: ERROR [502] Bad gateway upstream connection refused
Sep 28 10:20:04 server01 auth-service[4321]: ERROR [503] Service temporarily unavailable under high load
Sep 28 10:20:06 server01 gateway[6151]: INFO [301] Redirecting permanently to secure endpoint
Sep 28 10:20:08 server01 order-processor[6803]: WARN [404] Requested endpoint or record not found
Sep 28 10:20:10 server01 auth-service[2189]: INFO [200] Request processed successfully
Sep 28 10:20:12 server01 auth-service[1275]: ERROR [502] Bad gateway upstream connection refused
Sep 28 10:20:14 server01 payment-api[3006]: WARN [400] Invalid query parameters provided
Sep 28 10:20:16 server01 user-service[8830]: INFO [200] Request processed successfully
Sep 28 10:20:18 server01 order-processor[7390]: ERROR [500] Internal database connection timeout
Sep 28 10:20:20 server01 payment-api[4035]: INFO [200] Request processed successfully
Sep 28 10:20:22 server01 order-processor[1267]: ERROR [503] Service temporarily unavailable under high load
Sep 28 10:20:24 server01 order-processor[5082]: INFO [201] Resource created successfully
Sep 28 10:20:26 server01 order-processor[9709]: INFO [200] Request processed successfully
Sep 28 10:20:28 server01 gateway[8412]: WARN [401] Authentication token expired or missing
Sep 28 10:20:30 server01 inventory-service[2716]: INFO [201] Resource created successfully
Sep 28 10:20:32 server01 auth-service[6997]: WARN [403] Access forbidden for role 'guest'
Sep 28 10:20:34 server01 payment-api[7889]: ERROR [503] Service temporarily unavailable under high load
Sep 28 10:20:36 server01 user-service[5661]: INFO [200] Request processed successfully
Sep 28 10:20:38 server01 gateway[9859]: INFO [200] Request processed successfully
Sep 28 10:20:40 server01 gateway[1118]: INFO [301] Redirecting permanently to secure endpoint
Sep 28 10:20:42 server01 order-processor[7561]: ERROR [502] Bad gateway upstream connection refused
Sep 28 10:20:44 server01 gateway[2164]: ERROR [503] Service temporarily unavailable under high load
Sep 28 10:20:46 server01 auth-service[2927]: INFO [200] Request processed successfully
Sep 28 10:20:48 server01 user-service[9585]: INFO [200] Request processed successfully
Sep 28 10:20:50 server01 inventory-service[7737]: WARN [401] Authentication token expired or missing
Sep 28 10:20:52 server01 user-service[3905]: WARN [403] Access forbidden for role 'guest'
Sep 28 10:20:54 server01 inventory-service[3159]: INFO [200] Request processed successfully
Sep 28 10:20:56 server01 order-processor[6908]: ERROR [503] Service temporarily unavailable under high load
Sep 28 10:20:58 server01 user-service[1563]: WARN [401] Authentication token expired or missing
Sep 28 10:21:00 server01 payment-api[3645]: INFO [200] Request processed successfully
Sep 28 10:21:02 server01 order-processor[1475]: ERROR [500] Internal database connection timeout
Sep 28 10:21:04 server01 user-service[1952]: INFO [200] Request processed successfully
Sep 28 10:21:06 server01 inventory-service[4915]: WARN [401] Authentication token expired or missing
Sep 28 10:21:08 server01 auth-service[1668]: WARN [404] Requested endpoint or record not found
Sep 28 10:21:10 server01 gateway[8501]: INFO [301] Redirecting permanently to secure endpoint
Sep 28 10:21:12 server01 user-service[3450]: WARN [403] Access forbidden for role 'guest'
Sep 28 10:21:14 server01 auth-service[1813]: INFO [201] Resource created successfully
Sep 28 10:21:16 server01 order-processor[3408]: INFO [200] Request processed successfully
Sep 28 10:21:18 server01 payment-api[7521]: WARN [403] Access forbidden for role 'guest'
Sep 28 10:21:20 server01 order-processor[5547]: INFO [200] Request processed successfully
Sep 28 10:21:22 server01 payment-api[5475]: WARN [400] Invalid query parameters provided
Sep 28 10:21:24 server01 user-service[2899]: WARN [403] Access forbidden for role 'guest'
Sep 28 10:21:26 server01 user-service[8678]: WARN [403] Access forbidden for role 'guest'
Sep 28 10:21:28 server01 order-processor[4654]: INFO [200] Request processed successfully
Sep 28 10:21:30 server01 auth-service[6789]: INFO [201] Resource created successfully
Sep 28 10:21:32 server01 gateway[7841]: ERROR [502] Bad gateway upstream connection refused
Sep 28 10:21:34 server01 user-service[3110]: INFO [201] Resource created successfully
Sep 28 10:21:36 server01 payment-api[1501]: INFO [200] Request processed successfully
Sep 28 10:21:38 server01 payment-api[5917]: INFO [200] Request processed successfully
Sep 28 10:21:40 server01 gateway[5790]: WARN [404] Requested endpoint or record not found
Sep 28 10:21:42 server01 payment-api[4364]: INFO [201] Resource created successfully
Sep 28 10:21:44 server01 auth-service[2836]: ERROR [503] Service temporarily unavailable under high load
Sep 28 10:21:46 server01 inventory-service[6986]: WARN [403] Access forbidden for role 'guest'
Sep 28 10:21:48 server01 auth-service[4317]: INFO [200] Request processed successfully
Sep 28 10:21:50 server01 auth-service[5609]: WARN [401] Authentication token expired or missing
Sep 28 10:21:52 server01 gateway[7454]: ERROR [503] Service temporarily unavailable under high load
Sep 28 10:21:54 server01 user-service[9084]: WARN [404] Requested endpoint or record not found
Sep 28 10:21:56 server01 gateway[2650]: ERROR [503] Service temporarily unavailable under high load
Sep 28 10:21:58 server01 inventory-service[6036]: INFO [301] Redirecting permanently to secure endpoint
Sep 28 10:22:00 server01 user-service[8781]: INFO [200] Request processed successfully
Sep 28 10:22:02 server01 gateway[9419]: ERROR [503] Service temporarily unavailable under high load
Sep 28 10:22:04 server01 inventory-service[3299]: INFO [200] Request processed successfully
Sep 28 10:22:06 server01 order-processor[4966]: INFO [200] Request processed successfully
Sep 28 10:22:08 server01 order-processor[9263]: ERROR [502] Bad gateway upstream connection refused
Sep 28 10:22:10 server01 gateway[1725]: ERROR [503] Service temporarily unavailable under high load
Sep 28 10:22:12 server01 auth-service[8817]: INFO [301] Redirecting permanently to secure endpoint
Sep 28 10:22:14 server01 gateway[9021]: WARN [400] Invalid query parameters provided
Sep 28 10:22:16 server01 gateway[8107]: WARN [401] Authentication token expired or missing
Sep 28 10:22:18 server01 payment-api[2673]: INFO [201] Resource created successfully
Sep 28 10:22:20 server01 inventory-service[4440]: INFO [200] Request processed successfully
Sep 28 10:22:22 server01 inventory-service[7543]: WARN [400] Invalid query parameters provided
Sep 28 10:22:24 server01 gateway[1229]: WARN [403] Access forbidden for role 'guest'
Sep 28 10:22:26 server01 inventory-service[5054]: WARN [403] Access forbidden for role 'guest'
Sep 28 10:22:28 server01 user-service[3109]: ERROR [503] Service temporarily unavailable under high load
Sep 28 10:22:30 server01 user-service[1175]: WARN [400] Invalid query parameters provided
Sep 28 10:22:32 server01 payment-api[5565]: INFO [200] Request processed successfully
Sep 28 10:22:34 server01 auth-service[4060]: INFO [200] Request processed successfully
Sep 28 10:22:36 server01 user-service[2628]: INFO [200] Request processed successfully
Sep 28 10:22:38 server01 auth-service[9572]: ERROR [503] Service temporarily unavailable under high load
Sep 28 10:22:40 server01 inventory-service[4494]: WARN [404] Requested endpoint or record not found
Sep 28 10:22:42 server01 inventory-service[8069]: INFO [301] Redirecting permanently to secure endpoint
Sep 28 10:22:44 server01 inventory-service[4784]: INFO [201] Resource created successfully
Sep 28 10:22:46 server01 user-service[9725]: INFO [200] Request processed successfully
Sep 28 10:22:48 server01 order-processor[8789]: INFO [301] Redirecting permanently to secure endpoint
Sep 28 10:22:50 server01 order-processor[9988]: INFO [201] Resource created successfully
Sep 28 10:22:52 server01 payment-api[9580]: WARN [401] Authentication token expired or missing
Sep 28 10:22:54 server01 inventory-service[4242]: WARN [400] Invalid query parameters provided
Sep 28 10:22:56 server01 auth-service[7378]: INFO [201] Resource created successfully
Sep 28 10:22:58 server01 auth-service[3559]: ERROR [500] Internal database connection timeout
Sep 28 10:23:00 server01 auth-service[8705]: ERROR [502] Bad gateway upstream connection refused
Sep 28 10:23:02 server01 user-service[5305]: INFO [200] Request processed successfully
Sep 28 10:23:04 server01 payment-api[6850]: WARN [404] Requested endpoint or record not found
Sep 28 10:23:06 server01 auth-service[7978]: INFO [200] Request processed successfully
Sep 28 10:23:08 server01 payment-api[3049]: WARN [403] Access forbidden for role 'guest'
Sep 28 10:23:10 server01 inventory-service[5151]: WARN [403] Access forbidden for role 'guest'
Sep 28 10:23:12 server01 payment-api[4058]: WARN [400] Invalid query parameters provided
Sep 28 10:23:14 server01 payment-api[3126]: ERROR [500] Internal database connection timeout
Sep 28 10:23:16 server01 payment-api[3680]: INFO [200] Request processed successfully
Sep 28 10:23:18 server01 payment-api[3347]: WARN [400] Invalid query parameters provided
Sep 28 10:23:20 server01 user-service[9002]: INFO [200] Request processed successfully
Sep 28 10:23:22 server01 gateway[1426]: ERROR [503] Service temporarily unavailable under high load
Sep 28 10:23:24 server01 inventory-service[6497]: INFO [200] Request processed successfully
Sep 28 10:23:26 server01 payment-api[4115]: INFO [301] Redirecting permanently to secure endpoint
Sep 28 10:23:28 server01 order-processor[8827]: INFO [200] Request processed successfully
Sep 28 10:23:30 server01 auth-service[3930]: INFO [301] Redirecting permanently to secure endpoint
Sep 28 10:23:32 server01 auth-service[5871]: WARN [401] Authentication token expired or missing
Sep 28 10:23:34 server01 user-service[9308]: INFO [200] Request processed successfully
Sep 28 10:23:36 server01 inventory-service[2117]: INFO [201] Resource created successfully
Sep 28 10:23:38 server01 gateway[8756]: INFO [200] Request processed successfully
Sep 28 10:23:40 server01 inventory-service[5784]: WARN [400] Invalid query parameters provided
Sep 28 10:23:42 server01 order-processor[3103]: INFO [200] Request processed successfully
Sep 28 10:23:44 server01 auth-service[9160]: ERROR [502] Bad gateway upstream connection refused
Sep 28 10:23:46 server01 auth-service[2332]: WARN [404] Requested endpoint or record not found
Sep 28 10:23:48 server01 order-processor[1957]: ERROR [503] Service temporarily unavailable under high load
Sep 28 10:23:50 server01 user-service[3925]: WARN [403] Access forbidden for role 'guest'
Sep 28 10:23:52 server01 gateway[4514]: WARN [404] Requested endpoint or record not found
Sep 28 10:23:54 server01 inventory-service[6898]: INFO [201] Resource created successfully
Sep 28 10:23:56 server01 gateway[5015]: INFO [200] Request processed successfully
Sep 28 10:23:58 server01 auth-service[8407]: ERROR [500] Internal database connection timeout
Sep 28 10:24:00 server01 auth-service[4245]: INFO [201] Resource created successfully
Sep 28 10:24:02 server01 inventory-service[1117]: ERROR [503] Service temporarily unavailable under high load
Sep 28 10:24:04 server01 order-processor[5927]: WARN [400] Invalid query parameters provided
Sep 28 10:24:06 server01 gateway[7535]: WARN [401] Authentication token expired or missing
Sep 28 10:24:08 server01 user-service[2716]: WARN [404] Requested endpoint or record not found
Sep 28 10:24:10 server01 auth-service[5278]: ERROR [502] Bad gateway upstream connection refused
Sep 28 10:24:12 server01 payment-api[5256]: ERROR [502] Bad gateway upstream connection refused
Sep 28 10:24:14 server01 order-processor[4201]: ERROR [500] Internal database connection timeout
Sep 28 10:24:16 server01 user-service[9221]: ERROR [503] Service temporarily unavailable under high load
Sep 28 10:24:18 server01 payment-api[5072]: WARN [401] Authentication token expired or missing
Sep 28 10:24:20 server01 payment-api[9342]: INFO [201] Resource created successfully
Sep 28 10:24:22 server01 payment-api[7020]: ERROR [503] Service temporarily unavailable under high load
Sep 28 10:24:24 server01 gateway[1520]: ERROR [503] Service temporarily unavailable under high load
Sep 28 10:24:26 server01 gateway[1387]: INFO [200] Request processed successfully
Sep 28 10:24:28 server01 auth-service[3254]: ERROR [503] Service temporarily unavailable under high load
Sep 28 10:24:30 server01 order-processor[8188]: WARN [401] Authentication token expired or missing
Sep 28 10:24:32 server01 order-processor[4515]: WARN [401] Authentication token expired or missing
Sep 28 10:24:34 server01 user-service[6080]: INFO [200] Request processed successfully
Sep 28 10:24:36 server01 inventory-service[4874]: ERROR [500] Internal database connection timeout
Sep 28 10:24:38 server01 order-processor[6500]: WARN [401] Authentication token expired or missing
Sep 28 10:24:40 server01 payment-api[6968]: INFO [301] Redirecting permanently to secure endpoint
Sep 28 10:24:42 server01 gateway[7185]: INFO [200] Request processed successfully
Sep 28 10:24:44 server01 payment-api[8497]: WARN [400] Invalid query parameters provided
Sep 28 10:24:46 server01 user-service[1890]: INFO [200] Request processed successfully
Sep 28 10:24:48 server01 gateway[4608]: ERROR [502] Bad gateway upstream connection refused
Sep 28 10:24:50 server01 order-processor[6092]: ERROR [503] Service temporarily unavailable under high load
Sep 28 10:24:52 server01 auth-service[7199]: ERROR [500] Internal database connection timeout
Sep 28 10:24:54 server01 auth-service[9492]: WARN [401] Authentication token expired or missing
Sep 28 10:24:56 server01 order-processor[8503]: INFO [201] Resource created successfully
Sep 28 10:24:58 server01 inventory-service[2239]: WARN [403] Access forbidden for role 'guest'
Sep 28 10:25:00 server01 gateway[8574]: INFO [200] Request processed successfully
Sep 28 10:25:02 server01 payment-api[4728]: WARN [401] Authentication token expired or missing
Sep 28 10:25:04 server01 gateway[7580]: WARN [400] Invalid query parameters provided
Sep 28 10:25:06 server01 user-service[6486]: INFO [201] Resource created successfully
Sep 28 10:25:08 server01 order-processor[9413]: INFO [200] Request processed successfully
Sep 28 10:25:10 server01 user-service[6914]: ERROR [500] Internal database connection timeout
Sep 28 10:25:12 server01 payment-api[4767]: WARN [400] Invalid query parameters provided
Sep 28 10:25:14 server01 gateway[1992]: INFO [200] Request processed successfully
Sep 28 10:25:16 server01 order-processor[2783]: WARN [400] Invalid query parameters provided
Sep 28 10:25:18 server01 inventory-service[1655]: WARN [404] Requested endpoint or record not found
Sep 28 10:25:20 server01 auth-service[9723]: INFO [200] Request processed successfully
Sep 28 10:25:22 server01 inventory-service[6433]: WARN [403] Access forbidden for role 'guest'
Sep 28 10:25:24 server01 payment-api[8969]: INFO [301] Redirecting permanently to secure endpoint
Sep 28 10:25:26 server01 gateway[1406]: ERROR [502] Bad gateway upstream connection refused
Sep 28 10:25:28 server01 inventory-service[7544]: WARN [401] Authentication token expired or missing
Sep 28 10:25:30 server01 user-service[9974]: WARN [401] Authentication token expired or missing
Sep 28 10:25:32 server01 inventory-service[8516]: ERROR [500] Internal database connection timeout
Sep 28 10:25:34 server01 payment-api[3945]: WARN [403] Access forbidden for role 'guest'
Sep 28 10:25:36 server01 user-service[8227]: INFO [301] Redirecting permanently to secure endpoint
Sep 28 10:25:38 server01 payment-api[7339]: WARN [403] Access forbidden for role 'guest'
Sep 28 10:25:40 server01 gateway[4869]: INFO [200] Request processed successfully
Sep 28 10:25:42 server01 order-processor[8652]: WARN [403] Access forbidden for role 'guest'
Sep 28 10:25:44 server01 payment-api[1804]: WARN [401] Authentication token expired or missing
Sep 28 10:25:46 server01 user-service[5357]: WARN [404] Requested endpoint or record not found
Sep 28 10:25:48 server01 inventory-service[2359]: INFO [200] Request processed successfully
Sep 28 10:25:50 server01 payment-api[9129]: INFO [201] Resource created successfully
Sep 28 10:25:52 server01 order-processor[4561]: INFO [200] Request processed successfully
Sep 28 10:25:54 server01 user-service[1507]: ERROR [500] Internal database connection timeout
Sep 28 10:25:56 server01 user-service[2430]: WARN [403] Access forbidden for role 'guest'
Sep 28 10:25:58 server01 auth-service[2309]: WARN [401] Authentication token expired or missing
Sep 28 10:26:00 server01 payment-api[9485]: INFO [200] Request processed successfully
Sep 28 10:26:02 server01 gateway[8676]: WARN [401] Authentication token expired or missing
Sep 28 10:26:04 server01 inventory-service[7570]: ERROR [503] Service temporarily unavailable under high load
Sep 28 10:26:06 server01 user-service[7189]: ERROR [503] Service temporarily unavailable under high load
Sep 28 10:26:08 server01 auth-service[4054]: INFO [200] Request processed successfully
Sep 28 10:26:10 server01 payment-api[7237]: WARN [401] Authentication token expired or missing
Sep 28 10:26:12 server01 auth-service[2571]: WARN [401] Authentication token expired or missing
Sep 28 10:26:14 server01 user-service[6044]: WARN [400] Invalid query parameters provided
Sep 28 10:26:16 server01 inventory-service[5062]: WARN [404] Requested endpoint or record not found
Sep 28 10:26:18 server01 inventory-service[7979]: ERROR [502] Bad gateway upstream connection refused
Sep 28 10:26:20 server01 order-processor[5887]: INFO [200] Request processed successfully
Sep 28 10:26:22 server01 auth-service[8028]: ERROR [503] Service temporarily unavailable under high load
Sep 28 10:26:24 server01 auth-service[6514]: WARN [400] Invalid query parameters provided
Sep 28 10:26:26 server01 auth-service[6325]: WARN [401] Authentication token expired or missing
Sep 28 10:26:28 server01 gateway[9875]: WARN [404] Requested endpoint or record not found
Sep 28 10:26:30 server01 user-service[4555]: INFO [200] Request processed successfully
Sep 28 10:26:32 server01 payment-api[7742]: INFO [201] Resource created successfully
Sep 28 10:26:34 server01 order-processor[5955]: ERROR [500] Internal database connection timeout
Sep 28 10:26:36 server01 gateway[7205]: INFO [301] Redirecting permanently to secure endpoint
Sep 28 10:26:38 server01 user-service[4639]: INFO [200] Request processed successfully
Sep 28 10:26:40 server01 user-service[5422]: INFO [301] Redirecting permanently to secure endpoint
Sep 28 10:26:42 server01 order-processor[9542]: ERROR [503] Service temporarily unavailable under high load
Sep 28 10:26:44 server01 inventory-service[4907]: WARN [400] Invalid query parameters provided
Sep 28 10:26:46 server01 payment-api[9508]: INFO [201] Resource created successfully
Sep 28 10:26:48 server01 order-processor[6458]: WARN [404] Requested endpoint or record not found
Sep 28 10:26:50 server01 auth-service[6248]: INFO [200] Request processed successfully
Sep 28 10:26:52 server01 order-processor[3507]: WARN [401] Authentication token expired or missing
Sep 28 10:26:54 server01 auth-service[3132]: WARN [403] Access forbidden for role 'guest'
Sep 28 10:26:56 server01 gateway[3440]: ERROR [502] Bad gateway upstream connection refused
Sep 28 10:26:58 server01 auth-service[4946]: ERROR [502] Bad gateway upstream connection refused
Sep 28 10:27:00 server01 inventory-service[1829]: WARN [403] Access forbidden for role 'guest'
Sep 28 10:27:02 server01 payment-api[3690]: ERROR [500] Internal database connection timeout
Sep 28 10:27:04 server01 order-processor[7546]: INFO [200] Request processed successfully
Sep 28 10:27:06 server01 order-processor[4298]: WARN [403] Access forbidden for role 'guest'
Sep 28 10:27:08 server01 gateway[5760]: WARN [400] Invalid query parameters provided
Sep 28 10:27:10 server01 order-processor[1553]: INFO [200] Request processed successfully
Sep 28 10:27:12 server01 inventory-service[3201]: INFO [201] Resource created successfully
Sep 28 10:27:14 server01 gateway[5134]: ERROR [502] Bad gateway upstream connection refused
Sep 28 10:27:16 server01 inventory-service[7487]: WARN [400] Invalid query parameters provided
Sep 28 10:27:18 server01 order-processor[6264]: INFO [301] Redirecting permanently to secure endpoint
Sep 28 10:27:20 server01 gateway[3751]: INFO [201] Resource created successfully
Sep 28 10:27:22 server01 user-service[7103]: ERROR [500] Internal database connection timeout
Sep 28 10:27:24 server01 order-processor[2816]: INFO [201] Resource created successfully
Sep 28 10:27:26 server01 order-processor[7966]: WARN [403] Access forbidden for role 'guest'
Sep 28 10:27:28 server01 payment-api[3585]: INFO [301] Redirecting permanently to secure endpoint
Sep 28 10:27:30 server01 payment-api[4714]: INFO [301] Redirecting permanently to secure endpoint
Sep 28 10:27:32 server01 order-processor[2788]: INFO [201] Resource created successfully
Sep 28 10:27:34 server01 auth-service[9542]: ERROR [503] Service temporarily unavailable under high load
Sep 28 10:27:36 server01 gateway[8551]: ERROR [500] Internal database connection timeout
Sep 28 10:27:38 server01 inventory-service[9355]: ERROR [503] Service temporarily unavailable under high load
Sep 28 10:27:40 server01 inventory-service[1335]: INFO [200] Request processed successfully
Sep 28 10:27:42 server01 auth-service[3777]: INFO [201] Resource created successfully
Sep 28 10:27:44 server01 inventory-service[9053]: WARN [400] Invalid query parameters provided
Sep 28 10:27:46 server01 auth-service[7822]: ERROR [503] Service temporarily unavailable under high load
Sep 28 10:27:48 server01 user-service[9180]: INFO [200] Request processed successfully
Sep 28 10:27:50 server01 payment-api[1091]: WARN [400] Invalid query parameters provided
Sep 28 10:27:52 server01 order-processor[6542]: INFO [200] Request processed successfully
Sep 28 10:27:54 server01 gateway[4113]: INFO [201] Resource created successfully
Sep 28 10:27:56 server01 inventory-service[2693]: ERROR [502] Bad gateway upstream connection refused
Sep 28 10:27:58 server01 order-processor[6679]: INFO [200] Request processed successfully
Sep 28 10:28:00 server01 gateway[5437]: WARN [401] Authentication token expired or missing
Sep 28 10:28:02 server01 order-processor[1763]: INFO [200] Request processed successfully
Sep 28 10:28:04 server01 user-service[5171]: WARN [404] Requested endpoint or record not found
Sep 28 10:28:06 server01 auth-service[2739]: INFO [200] Request processed successfully
Sep 28 10:28:08 server01 user-service[9717]: WARN [400] Invalid query parameters provided
Sep 28 10:28:10 server01 inventory-service[2211]: WARN [401] Authentication token expired or missing
Sep 28 10:28:12 server01 user-service[9118]: ERROR [503] Service temporarily unavailable under high load
Sep 28 10:28:14 server01 payment-api[8873]: INFO [200] Request processed successfully
Sep 28 10:28:16 server01 user-service[8823]: WARN [404] Requested endpoint or record not found
Sep 28 10:28:18 server01 user-service[9812]: ERROR [502] Bad gateway upstream connection refused
Sep 28 10:28:20 server01 payment-api[2399]: WARN [404] Requested endpoint or record not found
Sep 28 10:28:22 server01 order-processor[2531]: INFO [200] Request processed successfully
Sep 28 10:28:24 server01 gateway[5466]: WARN [404] Requested endpoint or record not found
Sep 28 10:28:26 server01 user-service[1827]: WARN [400] Invalid query parameters provided
Sep 28 10:28:28 server01 inventory-service[6499]: INFO [200] Request processed successfully
Sep 28 10:28:30 server01 payment-api[2470]: WARN [400] Invalid query parameters provided
Sep 28 10:28:32 server01 payment-api[7594]: WARN [404] Requested endpoint or record not found
Sep 28 10:28:34 server01 auth-service[6913]: INFO [201] Resource created successfully
Sep 28 10:28:36 server01 order-processor[6680]: WARN [401] Authentication token expired or missing
Sep 28 10:28:38 server01 gateway[5087]: WARN [400] Invalid query parameters provided
Sep 28 10:28:40 server01 user-service[9606]: WARN [403] Access forbidden for role 'guest'
Sep 28 10:28:42 server01 payment-api[1160]: INFO [200] Request processed successfully
Sep 28 10:28:44 server01 order-processor[9677]: WARN [404] Requested endpoint or record not found
Sep 28 10:28:46 server01 payment-api[8729]: WARN [403] Access forbidden for role 'guest'
Sep 28 10:28:48 server01 payment-api[8442]: INFO [200] Request processed successfully
Sep 28 10:28:50 server01 payment-api[7882]: INFO [200] Request processed successfully
Sep 28 10:28:52 server01 order-processor[4287]: WARN [403] Access forbidden for role 'guest'
Sep 28 10:28:54 server01 auth-service[4342]: INFO [301] Redirecting permanently to secure endpoint
Sep 28 10:28:56 server01 inventory-service[3927]: ERROR [502] Bad gateway upstream connection refused
Sep 28 10:28:58 server01 user-service[7681]: ERROR [503] Service temporarily unavailable under high load
Sep 28 10:29:00 server01 order-processor[6439]: WARN [404] Requested endpoint or record not found
Sep 28 10:29:02 server01 gateway[1413]: INFO [201] Resource created successfully
Sep 28 10:29:04 server01 order-processor[2804]: INFO [200] Request processed successfully
Sep 28 10:29:06 server01 inventory-service[7120]: INFO [200] Request processed successfully
Sep 28 10:29:08 server01 inventory-service[7162]: WARN [403] Access forbidden for role 'guest'
Sep 28 10:29:10 server01 auth-service[1388]: INFO [200] Request processed successfully
Sep 28 10:29:12 server01 order-processor[5150]: ERROR [502] Bad gateway upstream connection refused
Sep 28 10:29:14 server01 order-processor[1774]: ERROR [503] Service temporarily unavailable under high load
Sep 28 10:29:16 server01 payment-api[6803]: WARN [404] Requested endpoint or record not found
Sep 28 10:29:18 server01 user-service[2822]: INFO [200] Request processed successfully
Sep 28 10:29:20 server01 order-processor[3898]: INFO [301] Redirecting permanently to secure endpoint
Sep 28 10:29:22 server01 auth-service[8221]: INFO [200] Request processed successfully
Sep 28 10:29:24 server01 payment-api[6080]: WARN [404] Requested endpoint or record not found
Sep 28 10:29:26 server01 order-processor[2044]: ERROR [503] Service temporarily unavailable under high load
Sep 28 10:29:28 server01 payment-api[8510]: INFO [200] Request processed successfully
Sep 28 10:29:30 server01 auth-service[5537]: ERROR [500] Internal database connection timeout
Sep 28 10:29:32 server01 order-processor[2337]: INFO [200] Request processed successfully
Sep 28 10:29:34 server01 inventory-service[1297]: INFO [200] Request processed successfully
Sep 28 10:29:36 server01 inventory-service[6709]: WARN [401] Authentication token expired or missing
Sep 28 10:29:38 server01 gateway[5062]: INFO [201] Resource created successfully
Sep 28 10:29:40 server01 user-service[1159]: INFO [301] Redirecting permanently to secure endpoint
Sep 28 10:29:42 server01 order-processor[8664]: INFO [201] Resource created successfully
Sep 28 10:29:44 server01 user-service[2050]: INFO [301] Redirecting permanently to secure endpoint
Sep 28 10:29:46 server01 user-service[3416]: WARN [404] Requested endpoint or record not found
Sep 28 10:29:48 server01 auth-service[6126]: INFO [200] Request processed successfully
Sep 28 10:29:50 server01 auth-service[8668]: WARN [404] Requested endpoint or record not found
Sep 28 10:29:52 server01 payment-api[8343]: ERROR [503] Service temporarily unavailable under high load
Sep 28 10:29:54 server01 payment-api[9546]: WARN [401] Authentication token expired or missing
Sep 28 10:29:56 server01 inventory-service[7666]: WARN [401] Authentication token expired or missing
Sep 28 10:29:58 server01 order-processor[9738]: ERROR [500] Internal database connection timeout
Sep 28 10:30:00 server01 payment-api[2907]: INFO [200] Request processed successfully
Sep 28 10:30:02 server01 payment-api[7879]: INFO [200] Request processed successfully
Sep 28 10:30:04 server01 order-processor[1110]: WARN [401] Authentication token expired or missing
Sep 28 10:30:06 server01 order-processor[1601]: INFO [200] Request processed successfully
Sep 28 10:30:08 server01 auth-service[3669]: INFO [200] Request processed successfully
Sep 28 10:30:10 server01 order-processor[3337]: ERROR [500] Internal database connection timeout
Sep 28 10:30:12 server01 inventory-service[5931]: WARN [400] Invalid query parameters provided
Sep 28 10:30:14 server01 gateway[5105]: INFO [201] Resource created successfully
Sep 28 10:30:16 server01 user-service[7145]: INFO [301] Redirecting permanently to secure endpoint
Sep 28 10:30:18 server01 payment-api[1685]: ERROR [502] Bad gateway upstream connection refused
Sep 28 10:30:20 server01 gateway[8251]: ERROR [503] Service temporarily unavailable under high load
Sep 28 10:30:22 server01 gateway[2667]: WARN [404] Requested endpoint or record not found
Sep 28 10:30:24 server01 order-processor[7002]: ERROR [500] Internal database connection timeout
Sep 28 10:30:26 server01 payment-api[7576]: ERROR [500] Internal database connection timeout
Sep 28 10:30:28 server01 gateway[9678]: WARN [404] Requested endpoint or record not found
Sep 28 10:30:30 server01 auth-service[9293]: WARN [403] Access forbidden for role 'guest'
Sep 28 10:30:32 server01 inventory-service[3052]: ERROR [503] Service temporarily unavailable under high load
Sep 28 10:30:34 server01 payment-api[2512]: WARN [404] Requested endpoint or record not found
Sep 28 10:30:36 server01 user-service[6356]: WARN [400] Invalid query parameters provided
Sep 28 10:30:38 server01 inventory-service[4485]: ERROR [503] Service temporarily unavailable under high load
Sep 28 10:30:40 server01 order-processor[9908]: WARN [403] Access forbidden for role 'guest'
Sep 28 10:30:42 server01 gateway[5956]: WARN [404] Requested endpoint or record not found
Sep 28 10:30:44 server01 auth-service[5639]: WARN [401] Authentication token expired or missing
Sep 28 10:30:46 server01 order-processor[1571]: WARN [403] Access forbidden for role 'guest'
Sep 28 10:30:48 server01 inventory-service[1039]: INFO [200] Request processed successfully
Sep 28 10:30:50 server01 user-service[9521]: ERROR [500] Internal database connection timeout
Sep 28 10:30:52 server01 user-service[2907]: ERROR [503] Service temporarily unavailable under high load
Sep 28 10:30:54 server01 order-processor[6185]: INFO [201] Resource created successfully
Sep 28 10:30:56 server01 payment-api[9901]: WARN [403] Access forbidden for role 'guest'
Sep 28 10:30:58 server01 order-processor[4296]: INFO [200] Request processed successfully
Sep 28 10:31:00 server01 user-service[8847]: INFO [301] Redirecting permanently to secure endpoint
Sep 28 10:31:02 server01 user-service[5272]: WARN [404] Requested endpoint or record not found
Sep 28 10:31:04 server01 auth-service[2170]: WARN [403] Access forbidden for role 'guest'
Sep 28 10:31:06 server01 inventory-service[3480]: WARN [404] Requested endpoint or record not found
Sep 28 10:31:08 server01 inventory-service[4758]: ERROR [503] Service temporarily unavailable under high load
Sep 28 10:31:10 server01 payment-api[3899]: ERROR [500] Internal database connection timeout
Sep 28 10:31:12 server01 order-processor[4384]: ERROR [500] Internal database connection timeout
Sep 28 10:31:14 server01 gateway[7363]: INFO [200] Request processed successfully
Sep 28 10:31:16 server01 order-processor[4889]: WARN [403] Access forbidden for role 'guest'
Sep 28 10:31:18 server01 gateway[3749]: INFO [201] Resource created successfully
Sep 28 10:31:20 server01 user-service[8476]: INFO [200] Request processed successfully
Sep 28 10:31:22 server01 user-service[3522]: INFO [201] Resource created successfully
Sep 28 10:31:24 server01 user-service[1686]: INFO [301] Redirecting permanently to secure endpoint
Sep 28 10:31:26 server01 gateway[3235]: INFO [200] Request processed successfully
Sep 28 10:31:28 server01 payment-api[1283]: WARN [404] Requested endpoint or record not found
Sep 28 10:31:30 server01 user-service[9490]: WARN [403] Access forbidden for role 'guest'
Sep 28 10:31:32 server01 user-service[3084]: ERROR [500] Internal database connection timeout
Sep 28 10:31:34 server01 inventory-service[4086]: INFO [200] Request processed successfully
Sep 28 10:31:36 server01 user-service[6834]: INFO [301] Redirecting permanently to secure endpoint
Sep 28 10:31:38 server01 gateway[7795]: WARN [404] Requested endpoint or record not found
Sep 28 10:31:40 server01 order-processor[3110]: ERROR [502] Bad gateway upstream connection refused
Sep 28 10:31:42 server01 order-processor[9913]: WARN [400] Invalid query parameters provided
Sep 28 10:31:44 server01 payment-api[2509]: INFO [201] Resource created successfully
Sep 28 10:31:46 server01 user-service[8043]: WARN [404] Requested endpoint or record not found
Sep 28 10:31:48 server01 user-service[5078]: ERROR [503] Service temporarily unavailable under high load
Sep 28 10:31:50 server01 gateway[9471]: ERROR [500] Internal database connection timeout
Sep 28 10:31:52 server01 auth-service[5734]: INFO [201] Resource created successfully
Sep 28 10:31:54 server01 order-processor[3145]: ERROR [500] Internal database connection timeout
Sep 28 10:31:56 server01 order-processor[9302]: INFO [200] Request processed successfully
Sep 28 10:31:58 server01 inventory-service[7222]: INFO [200] Request processed successfully
Sep 28 10:32:00 server01 user-service[8231]: WARN [401] Authentication token expired or missing
Sep 28 10:32:02 server01 auth-service[9183]: INFO [200] Request processed successfully
Sep 28 10:32:04 server01 inventory-service[1001]: INFO [301] Redirecting permanently to secure endpoint
Sep 28 10:32:06 server01 gateway[1340]: INFO [201] Resource created successfully
Sep 28 10:32:08 server01 payment-api[8606]: WARN [403] Access forbidden for role 'guest'
Sep 28 10:32:10 server01 auth-service[4033]: ERROR [503] Service temporarily unavailable under high load
Sep 28 10:32:12 server01 order-processor[6755]: WARN [400] Invalid query parameters provided
Sep 28 10:32:14 server01 order-processor[3974]: ERROR [500] Internal database connection timeout
Sep 28 10:32:16 server01 gateway[2558]: ERROR [500] Internal database connection timeout
Sep 28 10:32:18 server01 auth-service[1415]: WARN [403] Access forbidden for role 'guest'
Sep 28 10:32:20 server01 order-processor[5837]: INFO [200] Request processed successfully
Sep 28 10:32:22 server01 user-service[6353]: ERROR [502] Bad gateway upstream connection refused
Sep 28 10:32:24 server01 payment-api[1297]: INFO [301] Redirecting permanently to secure endpoint
Sep 28 10:32:26 server01 inventory-service[5779]: INFO [200] Request processed successfully
Sep 28 10:32:28 server01 user-service[4371]: WARN [403] Access forbidden for role 'guest'
Sep 28 10:32:30 server01 inventory-service[6084]: INFO [200] Request processed successfully
Sep 28 10:32:32 server01 inventory-service[6261]: WARN [404] Requested endpoint or record not found
Sep 28 10:32:34 server01 user-service[8232]: ERROR [502] Bad gateway upstream connection refused
Sep 28 10:32:36 server01 payment-api[9586]: ERROR [503] Service temporarily unavailable under high load
Sep 28 10:32:38 server01 order-processor[5252]: INFO [200] Request processed successfully
Sep 28 10:32:40 server01 inventory-service[1449]: ERROR [500] Internal database connection timeout
Sep 28 10:32:42 server01 payment-api[3854]: INFO [200] Request processed successfully
Sep 28 10:32:44 server01 user-service[6541]: WARN [401] Authentication token expired or missing
Sep 28 10:32:46 server01 payment-api[6342]: ERROR [500] Internal database connection timeout
Sep 28 10:32:48 server01 payment-api[2132]: WARN [403] Access forbidden for role 'guest'
Sep 28 10:32:50 server01 order-processor[9672]: WARN [400] Invalid query parameters provided
Sep 28 10:32:52 server01 payment-api[3028]: ERROR [500] Internal database connection timeout
Sep 28 10:32:54 server01 order-processor[2347]: INFO [301] Redirecting permanently to secure endpoint
Sep 28 10:32:56 server01 payment-api[6498]: WARN [401] Authentication token expired or missing
Sep 28 10:32:58 server01 payment-api[9419]: WARN [401] Authentication token expired or missing
Sep 28 10:33:00 server01 order-processor[3687]: INFO [200] Request processed successfully
Sep 28 10:33:02 server01 user-service[6966]: ERROR [502] Bad gateway upstream connection refused
Sep 28 10:33:04 server01 user-service[7673]: WARN [401] Authentication token expired or missing
Sep 28 10:33:06 server01 inventory-service[7012]: ERROR [500] Internal database connection timeout
Sep 28 10:33:08 server01 payment-api[1801]: WARN [401] Authentication token expired or missing
Sep 28 10:33:10 server01 user-service[9473]: INFO [201] Resource created successfully
Sep 28 10:33:12 server01 payment-api[5796]: ERROR [503] Service temporarily unavailable under high load
Sep 28 10:33:14 server01 inventory-service[3528]: ERROR [503] Service temporarily unavailable under high load
Sep 28 10:33:16 server01 user-service[9887]: INFO [301] Redirecting permanently to secure endpoint
Sep 28 10:33:18 server01 payment-api[6514]: WARN [400] Invalid query parameters provided
